warning[unused_variable]: This variable is unused. Prefix its name with '_' to indicate that it is intentionally unused.

   ┌── <ROOT>/tests/cli/lint/default/snapshots/unused_var_literal_in_parens_is_used.snap.luau:3:7-8 ──
   │
 3 │ local x = ({ a = 1 })
   │       ^
   │

For additional info: https://lute.luau.org/cli/lint/unused_variable.html

