
==================================================
TEST RESULTS
==================================================

Failed Tests (1):

❌ buffereq_error
	@std/test/assert.luau:200
		buffereq: buffers are of unequal length

--------------------------------------------------
Total:  1
Passed: 0 ✓
Failed: 1 ✗
==================================================

