
==================================================
TEST RESULTS
==================================================

Failed Tests (1):

❌ never_strnotcontains_failure_suite.never_strnotcontains_error
	<ROOT>/tests/std/snapshots/assert_never_strnotcontains_error.snap.luau:6
		never_strNotContains: Expected "hello" to contain "goodbye".

--------------------------------------------------
Total:  1
Passed: 0 ✓
Failed: 1 ✗
==================================================

