
==================================================
TEST RESULTS
==================================================

Failed Tests (1):

❌ eq_error
	<ROOT>/tests/std/snapshots/assert_eq_error_msg_in_case.snap.luau:4
		eq: 1 ~= 2

--------------------------------------------------
Total:  1
Passed: 0 ✓
Failed: 1 ✗
==================================================

