
==================================================
TEST RESULTS
==================================================

Failed Tests (1):

❌ never_tableeq_failure_suite.never_tableeq_error
	<ROOT>/tests/std/snapshots/assert_never_tableeq_error.snap.luau:6
		never_tableeq: expected tables to not be equal

--------------------------------------------------
Total:  1
Passed: 0 ✓
Failed: 1 ✗
==================================================

