
==================================================
TEST RESULTS
==================================================

Failed Tests (1):

❌ tableeq_error
	<ROOT>/tests/std/snapshots/assert_tableeq_error_message_in_case.snap.luau:4
		eq: table: 0x00000007f6d4f5e0 ~= table: 0x00000007f6d4f5b0

--------------------------------------------------
Total:  1
Passed: 0 ✓
Failed: 1 ✗
==================================================

