
==================================================
TEST RESULTS
==================================================

Failed Tests (1):

❌ throwsWith_failure_suite.throwsWith_error
	<ROOT>/tests/std/snapshots/assert_erroreq_error_message.snap.luau:5
		throwsWith: Expected suffix of error message "expected message", but got "<ROOT>/tests/std/snapshots/assert_erroreq_error_message.snap.luau:6: wrong message"

--------------------------------------------------
Total:  1
Passed: 0 ✓
Failed: 1 ✗
==================================================

