
==================================================
TEST RESULTS
==================================================

Failed Tests (1):

❌ buffereq_error
	<ROOT>/tests/std/snapshots/assert_buffereq_unequal_length.snap.luau:6
		eq: buffer: 0x000000095ad63fd0 ~= buffer: 0x000000095ad63fc0

--------------------------------------------------
Total:  1
Passed: 0 ✓
Failed: 1 ✗
==================================================

