
==================================================
TEST RESULTS
==================================================

Failed Tests (1):

❌ tableeq_failure_suite.tableeq_error
	@std/test/assert.luau:200
		tableeq: lhs[a] = 1 but rhs[a] = 2

--------------------------------------------------
Total:  1
Passed: 0 ✓
Failed: 1 ✗
==================================================

