
==================================================
TEST RESULTS
==================================================

Failed Tests (1):

❌ neq_error
	<ROOT>/tests/std/snapshots/assert_neq_error_message_in_case.snap.luau:5
		never_eq: expected 1 to not equal 1

--------------------------------------------------
Total:  1
Passed: 0 ✓
Failed: 1 ✗
==================================================

