
==================================================
TEST RESULTS
==================================================

Failed Tests (1):

❌ throwsWithError
	<ROOT>/tests/std/snapshots/assert_error_eq_no_error.snap.luau:4
		throwsWith: Expected function to throw/raise error.

--------------------------------------------------
Total:  1
Passed: 0 ✓
Failed: 1 ✗
==================================================

