
==================================================
TEST RESULTS
==================================================

Failed Tests (1):

❌ strcontains_failure_suite.strcontains_error
	<ROOT>/tests/std/snapshots/assert_strcontains_single_instance_fails.snap.luau:5
		strcontains: Expected "hello world" to contain "goodbye".

--------------------------------------------------
Total:  1
Passed: 0 ✓
Failed: 1 ✗
==================================================

