
==================================================
TEST RESULTS
==================================================

Failed Tests (1):

❌ neq_error
	<ROOT>/tests/std/snapshots/assert_neq_error_message_in_case.snap.luau:4
		neq: 1 == 1

--------------------------------------------------
Total:  1
Passed: 0 ✓
Failed: 1 ✗
==================================================

