
==================================================
TEST RESULTS
==================================================

Failed Tests (1):

❌ strcontains_error
	<ROOT>/tests/std/snapshots/assert_strcontains_instances_negative.snap.luau:5
		strContains: instances must be greater than 0

--------------------------------------------------
Total:  1
Passed: 0 ✓
Failed: 1 ✗
==================================================

