
==================================================
TEST RESULTS
==================================================

Failed Tests (1):

❌ buffereq_failure_suite.buffereq_error
	<ROOT>/tests/std/snapshots/buffereq_failure_suite.snap.luau:9
		eq: buffer: 0x000000079f12ffd0 ~= buffer: 0x000000079f12ffc0

--------------------------------------------------
Total:  1
Passed: 0 ✓
Failed: 1 ✗
==================================================

