
==================================================
TEST RESULTS
==================================================

Failed Tests (1):

❌ nil_field_suite.access_field_of_nil
	Runtime error: <ROOT>/tests/std/snapshots/runtime_error_doesnt_report_xpcall.snap.luau:7: attempt to index nil with 'field'
Stacktrace:
<ROOT>/tests/std/snapshots/runtime_error_doesnt_report_xpcall.snap.luau:7: attempt to index nil with 'field'
@std/test/failure.luau:35 function runtimeerror
@std/test/runner.luau:136 function handlefailure
<ROOT>/tests/std/snapshots/runtime_error_doesnt_report_xpcall.snap.luau:7
@std/test/runner.luau:149 function run
@std/test/runner.luau:182 function runRegisteredTests
<ROOT>/tests/std/snapshots/runtime_error_doesnt_report_xpcall.snap.luau:12


--------------------------------------------------
Total:  1
Passed: 0 ✓
Failed: 1 ✗
==================================================

