
==================================================
TEST RESULTS
==================================================

Failed Tests (1):

❌ access_field_of_nil
	Runtime error: <ROOT>/tests/std/snapshots/runtime_error_doesnt_report_xpcall_case.snap.luau:6: attempt to index nil with 'field'
Stacktrace:
<ROOT>/tests/std/snapshots/runtime_error_doesnt_report_xpcall_case.snap.luau:6: attempt to index nil with 'field'
@std/test/failure.luau:35 function runtimeerror
@std/test/runner.luau:102 function handlefailure
<ROOT>/tests/std/snapshots/runtime_error_doesnt_report_xpcall_case.snap.luau:6
@std/test/runner.luau:108 function run
@std/test/runner.luau:182 function runRegisteredTests
<ROOT>/tests/std/snapshots/runtime_error_doesnt_report_xpcall_case.snap.luau:10


--------------------------------------------------
Total:  1
Passed: 0 ✓
Failed: 1 ✗
==================================================

