
==================================================
TEST RESULTS
==================================================

Failed Tests (1):

❌ access_field_of_nil
	Runtime error: <ROOT>/tests/std/snapshots/runtime_error_doesnt_report_xpcall_case.snap.luau:5: attempt to index nil with 'field'
Stacktrace:
<ROOT>/tests/std/snapshots/runtime_error_doesnt_report_xpcall_case.snap.luau:5: attempt to index nil with 'field'
@std/test/failure.luau:51 function runtimeerror
@std/test/runner.luau:87 function handlefailure
<ROOT>/tests/std/snapshots/runtime_error_doesnt_report_xpcall_case.snap.luau:5
@std/test/runner.luau:93 function run
@std/test/init.luau:103 function run
<ROOT>/tests/std/snapshots/runtime_error_doesnt_report_xpcall_case.snap.luau:9


--------------------------------------------------
Total:  1
Passed: 0 ✓
Failed: 1 ✗
==================================================

