<ROOT>/tests/cli/format/snapshots/check_unformatted_file.snap.luau
Found 1 file(s) to format.
Trying to format <ROOT>/tests/cli/format/snapshots/check_unformatted_file.snap.luau
Checked 1 file(s).
1 file(s) were not formatted properly.

1 file(s) not formatted:
	- <ROOT>/tests/cli/format/snapshots/check_unformatted_file.snap.luau
